D:/ncs/v2.2.0/zephyr/subsys/bluetooth/host/settings.c:233:13:save_id	112	dynamic,bounded
D:/ncs/v2.2.0/zephyr/subsys/bluetooth/host/settings.c:117:12:set	128	static
D:/ncs/v2.2.0/zephyr/subsys/bluetooth/host/settings.c:24:6:bt_settings_encode_key	56	static
D:/ncs/v2.2.0/zephyr/subsys/bluetooth/host/settings.c:94:5:bt_settings_decode_key	16	static
D:/ncs/v2.2.0/zephyr/subsys/bluetooth/host/settings.c:253:6:bt_settings_save_id	8	static
D:/ncs/v2.2.0/zephyr/subsys/bluetooth/host/settings.c:258:12:commit	64	static
D:/ncs/v2.2.0/zephyr/subsys/bluetooth/host/settings.c:312:5:bt_settings_init	64	dynamic,bounded
